// Jest Snapshot v1, https://goo.gl/fbAQLP

exports[`toGQLSchema hello world App 1`] = `
"export type Query = {
  __typename: 'Query'
  hello: String
}"
`;

exports[`toGQLSchema hello world App 2`] = `
"export type Lifespan = {
  __typename: 'Immortal'
} | {
  __typename: 'Limited'
  max: (Int | undefined)
}

export type God = {
  __typename: 'God'
  name: String
  lifespan: Lifespan
}

export type Deity = God | {
  __typename: 'Titan'
  name: String
}"
`;
