// Jest Snapshot v1, https://goo.gl/fbAQLP

exports[`toGQLSchema hello world App 1`] = `
"type Query {
  hello: String!
}"
`;

exports[`toGQLSchema hello world App 2`] = `
"\\"\\"\\"
@typedef {{ __typename: \\"Limited\\", max: ?Int }} Lifespan_Limited
@type {(\\"Immortal\\" | Lifespan_Limited)}
\\"\\"\\"
scalar Lifespan

type God {
  name: String!
  lifespan: Lifespan!
}

union Deity = God | Deity_Titan

type Deity_Titan {
  name: String!
}

type Query {
  deities(lifespan: Lifespan): [Deity!]!
}"
`;
