// Jest Snapshot v1, https://goo.gl/fbAQLP

exports[`toGQLSchema hello world App 1`] = `
"
import type { Maybe } from '../scripts/utils';
import {
  irisFloat,
  irisInt,
  irisMaybe,
  irisString,
  irisVariant,
  oneOf,
} from '../scripts/utils';


export type Query = {
  __typename: 'Query'
  hello: string
}

export const irisQuery = oneOf<Query>([irisVariant('Query',{
  hello: irisString
})])"
`;

exports[`toGQLSchema hello world App 2`] = `
"
import type { Maybe } from '../scripts/utils';
import {
  irisFloat,
  irisInt,
  irisMaybe,
  irisString,
  irisVariant,
  oneOf,
} from '../scripts/utils';


export type Lifespan = {
  __typename: 'Immortal'
} | {
  __typename: 'Limited'
  max: Maybe<number>
}

export type God = {
  __typename: 'God'
  name: string
  lifespan: Lifespan
}

export type Deity = God | {
  __typename: 'Titan'
  name: string
}

export const irisLifespan = oneOf<Lifespan>([irisVariant('Immortal',{

}),
irisVariant('Limited',{
  max: irisMaybe(irisInt)
})])

export const irisGod = oneOf<God>([irisVariant('God',{
  name: irisString,
  lifespan: irisLifespan
})])

export const irisDeity = oneOf<Deity>([irisGod,
irisVariant('Titan',{
  name: irisString
})])"
`;
