// Jest Snapshot v1, https://goo.gl/fbAQLP

exports[`Field Rules rejects an Input Object type with incorrectly typed fields 1`] = `
Array [
  Object {
    "locations": Array [
      Object {
        "column": 18,
        "line": 13,
      },
    ],
    "message": "The type of SomeInputObject.badObject must be data Type but got: SomeObject.",
  },
  Object {
    "locations": Array [
      Object {
        "column": 17,
        "line": 14,
      },
    ],
    "message": "The type of SomeInputObject.badUnion must be data Type but got: SomeUnion.",
  },
]
`;
