// Jest Snapshot v1, https://goo.gl/fbAQLP

exports[`Validate: Known type names within SDL unknown type references 1`] = `
Array [
  Object {
    "locations": Array [
      Object {
        "column": 14,
        "line": 6,
      },
    ],
    "message": "Unknown type \\"D\\". Did you mean \\"A\\", \\"B\\", or \\"ID\\"?",
  },
  Object {
    "locations": Array [
      Object {
        "column": 14,
        "line": 7,
      },
    ],
    "message": "Unknown type \\"E\\". Did you mean \\"A\\" or \\"B\\"?",
  },
  Object {
    "locations": Array [
      Object {
        "column": 26,
        "line": 10,
      },
    ],
    "message": "Unknown type \\"F\\". Did you mean \\"A\\" or \\"B\\"?",
  },
  Object {
    "locations": Array [
      Object {
        "column": 30,
        "line": 10,
      },
    ],
    "message": "Unknown type \\"G\\". Did you mean \\"A\\" or \\"B\\"?",
  },
  Object {
    "locations": Array [
      Object {
        "column": 14,
        "line": 13,
      },
    ],
    "message": "Unknown type \\"J\\". Did you mean \\"A\\" or \\"B\\"?",
  },
  Object {
    "locations": Array [
      Object {
        "column": 14,
        "line": 14,
      },
    ],
    "message": "Unknown type \\"K\\". Did you mean \\"A\\" or \\"B\\"?",
  },
]
`;
