// Jest Snapshot v1, https://goo.gl/fbAQLP

exports[`VariantType Rules can't build recursive Union 1`] = `
Array [
  Object {
    "locations": Array [
      Object {
        "column": 18,
        "line": 2,
      },
    ],
    "message": "data Hello can only include data variantTypes, it cannot include Hello.",
  },
]
`;

exports[`VariantType Rules rejects a Union type with non-Object members types 1`] = `
Array [
  Object {
    "locations": Array [
      Object {
        "column": 27,
        "line": 6,
      },
    ],
    "message": "data BadUnion can only include data variantTypes, it cannot include String.",
  },
  Object {
    "locations": Array [
      Object {
        "column": 36,
        "line": 6,
      },
    ],
    "message": "data BadUnion can only include data variantTypes, it cannot include Int.",
  },
]
`;
